#-----------------------------------------------------------
# PlanAhead v14.7 (64-bit)
# Build 321239 by xbuild on Fri Sep 27 19:29:51 MDT 2013
# Start of session at: Fri May 20 20:27:07 2022
# Process ID: 40760
# Log file: C:/Users/ASUS/Desktop/FPGA_Project/Mechanical_clock/planAhead_run_5/planAhead.log
# Journal file: C:/Users/ASUS/Desktop/FPGA_Project/Mechanical_clock/planAhead_run_5/planAhead.jou
#-----------------------------------------------------------
start_gui
source C:/Users/ASUS/Desktop/FPGA_Project/Mechanical_clock/pa.fromHdl.tcl
update_compile_order -fileset sim_1
set_property package_pin "" [get_ports [list  RESET_BUTTON]]
set_property is_loc_fixed false [get_ports [list  {INPUT_DATA[7]}]]
set_property is_loc_fixed false [get_ports [list  {INPUT_DATA[6]}]]
set_property is_loc_fixed true [get_ports [list  {INPUT_DATA[7]}]]
set_property is_loc_fixed true [get_ports [list  {INPUT_DATA[6]}]]
set_property package_pin "" [get_ports [list  {INPUT_DATA[7]}]]
set_property package_pin "" [get_ports [list  {INPUT_DATA[6]}]]
set_property package_pin "" [get_ports [list  {INPUT_DATA[5]}]]
set_property package_pin "" [get_ports [list  {INPUT_DATA[4]}]]
set_property package_pin "" [get_ports [list  {INPUT_DATA[3]}]]
set_property package_pin "" [get_ports [list  {INPUT_DATA[2]}]]
set_property package_pin "" [get_ports [list  {INPUT_DATA[1]}]]
undo
undo
undo
undo
undo
undo
undo
set_property package_pin "" [get_ports [list  {INPUT_DATA[0]}]]
startgroup
set_property package_pin P51 [get_ports RESET_BUTTON]
endgroup
save_constraints
